{"level":"http","message":"GET /api/auth/me 401 1.592 ms - 23","timestamp":"2026-09-16T16:35:16.891Z"}
{"level":"http","message":"GET /api/academic/active 200 4.247 ms - 224","timestamp":"2026-09-16T16:35:16.897Z"}
{"level":"http","message":"GET /api/settings 200 5.378 ms - 30904","timestamp":"2026-09-16T16:35:16.900Z"}
{"level":"http","message":"GET /api/academic/periods 200 7.717 ms - 1836","timestamp":"2026-09-16T16:35:16.910Z"}
{"level":"http","message":"GET /api/payments/exchange-rates/at-date 200 14.492 ms - 527","timestamp":"2026-09-16T16:35:16.920Z"}
{"level":"http","message":"GET /api/settings/enable_grade_rounding 200 1.720 ms - 125","timestamp":"2026-09-16T16:35:16.983Z"}
{"level":"http","message":"GET /logo-placeholder.png 200 4.236 ms - 522","timestamp":"2026-09-16T16:35:16.991Z"}
{"level":"http","message":"GET /api/upload/logo?t=1789576516982 200 1.756 ms - 2569322","timestamp":"2026-09-16T16:35:17.029Z"}
{"level":"http","message":"GET /sw.js 200 1.439 ms - 1390","timestamp":"2026-09-16T16:35:18.687Z"}
{"level":"http","message":"GET /workbox-dcde9eb3.js 200 0.615 ms - 21435","timestamp":"2026-09-16T16:35:18.701Z"}
{"level":"http","message":"GET /api/auth/me 401 0.259 ms - 23","timestamp":"2026-09-16T16:35:19.869Z"}
{"level":"http","message":"GET /api/settings 200 2.595 ms - 30904","timestamp":"2026-09-16T16:35:19.875Z"}
{"level":"http","message":"GET /api/academic/active 200 1.383 ms - 224","timestamp":"2026-09-16T16:35:19.879Z"}
{"level":"http","message":"GET /api/academic/periods 200 1.980 ms - 1836","timestamp":"2026-09-16T16:35:19.887Z"}
{"level":"http","message":"GET /api/payments/exchange-rates/at-date 200 8.037 ms - 527","timestamp":"2026-09-16T16:35:19.898Z"}
{"level":"http","message":"GET /api/settings/enable_grade_rounding 200 1.640 ms - 125","timestamp":"2026-09-16T16:35:19.921Z"}
{"level":"http","message":"GET /logo-placeholder.png 304 0.591 ms - -","timestamp":"2026-09-16T16:35:19.923Z"}
{"level":"http","message":"GET /vite.svg 200 1.153 ms - 1497","timestamp":"2026-09-16T16:35:19.944Z"}
{"level":"http","message":"GET /api/upload/logo?t=1789576519920 200 1.301 ms - 2569322","timestamp":"2026-09-16T16:35:19.953Z"}
{"level":"http","message":"GET /sw.js 304 0.468 ms - -","timestamp":"2026-09-16T16:35:21.648Z"}
{"level":"http","message":"GET /workbox-dcde9eb3.js 304 0.335 ms - -","timestamp":"2026-09-16T16:35:21.655Z"}
{"level":"http","message":"POST /api/auth/login 401 5.191 ms - 33","timestamp":"2026-09-16T16:35:21.798Z"}
{"level":"http","message":"POST /api/auth/login 200 53.235 ms - 214","timestamp":"2026-09-16T16:35:28.275Z"}
{"level":"http","message":"GET /api/dashboard-content 200 2.148 ms - 466","timestamp":"2026-09-16T16:35:28.351Z"}
