{"level":"http","message":"GET /health 200 1.375 ms - 17","timestamp":"2026-09-16T15:28:40.086Z"}
{"level":"http","message":"GET / 200 3.156 ms - 508","timestamp":"2026-09-16T15:28:50.742Z"}
{"level":"http","message":"GET /api/auth/me 401 1.542 ms - 23","timestamp":"2026-09-16T15:33:22.166Z"}
{"level":"http","message":"GET /api/settings 200 5.067 ms - 30904","timestamp":"2026-09-16T15:33:22.172Z"}
{"level":"http","message":"GET /api/academic/active 200 5.704 ms - 224","timestamp":"2026-09-16T15:33:22.174Z"}
{"level":"http","message":"GET /api/academic/periods 200 4.957 ms - 1836","timestamp":"2026-09-16T15:33:22.180Z"}
{"level":"http","message":"GET /api/payments/exchange-rates/at-date 200 14.261 ms - 527","timestamp":"2026-09-16T15:33:22.192Z"}
{"level":"http","message":"GET /api/settings/enable_grade_rounding 200 1.402 ms - 125","timestamp":"2026-09-16T15:33:22.266Z"}
{"level":"http","message":"GET /logo-placeholder.png 200 2.708 ms - 508","timestamp":"2026-09-16T15:33:22.271Z"}
{"level":"http","message":"GET /api/upload/logo?t=1789572802264 200 2.155 ms - 2569322","timestamp":"2026-09-16T15:33:22.306Z"}
{"level":"http","message":"GET /sw.js 200 0.996 ms - 1389","timestamp":"2026-09-16T15:33:23.832Z"}
{"level":"http","message":"GET /workbox-dcde9eb3.js 200 0.532 ms - 21434","timestamp":"2026-09-16T15:33:23.849Z"}
{"level":"http","message":"GET /index.html 200 0.593 ms - 508","timestamp":"2026-09-16T15:33:23.863Z"}
{"level":"http","message":"GET /assets/index-BxpqlCS9.js 200 508.706 ms - 7217491","timestamp":"2026-09-16T15:33:24.427Z"}
{"level":"http","message":"GET /api/auth/me 401 0.250 ms - 23","timestamp":"2026-09-16T15:33:26.256Z"}
{"level":"http","message":"GET /api/settings 200 2.150 ms - 30904","timestamp":"2026-09-16T15:33:26.262Z"}
{"level":"http","message":"GET /api/academic/active 200 1.220 ms - 224","timestamp":"2026-09-16T15:33:26.266Z"}
{"level":"http","message":"GET /api/academic/periods 200 1.335 ms - 1836","timestamp":"2026-09-16T15:33:26.272Z"}
{"level":"http","message":"GET /api/payments/exchange-rates/at-date 200 6.848 ms - 527","timestamp":"2026-09-16T15:33:26.283Z"}
{"level":"http","message":"GET /api/settings/enable_grade_rounding 200 1.486 ms - 125","timestamp":"2026-09-16T15:33:26.318Z"}
{"level":"http","message":"GET /logo-placeholder.png 304 0.900 ms - -","timestamp":"2026-09-16T15:33:26.324Z"}
{"level":"http","message":"GET /vite.svg 304 0.631 ms - -","timestamp":"2026-09-16T15:33:26.391Z"}
{"level":"http","message":"GET /api/upload/logo?t=1789572806320 200 1.316 ms - 2569322","timestamp":"2026-09-16T15:33:26.398Z"}
{"level":"http","message":"GET /sw.js 304 0.410 ms - -","timestamp":"2026-09-16T15:33:28.075Z"}
{"level":"http","message":"GET /workbox-dcde9eb3.js 304 0.262 ms - -","timestamp":"2026-09-16T15:33:28.082Z"}
{"level":"http","message":"POST /api/auth/login 401 5.989 ms - 33","timestamp":"2026-09-16T15:33:29.315Z"}
{"level":"http","message":"GET / 200 1.078 ms - 508","timestamp":"2026-09-16T15:33:32.491Z"}
{"level":"http","message":"GET /assets/index-BCOnGdqF.css 200 0.591 ms - 413689","timestamp":"2026-09-16T15:33:32.525Z"}
{"level":"http","message":"GET /assets/index-BxpqlCS9.js 200 0.651 ms - 7217491","timestamp":"2026-09-16T15:33:32.616Z"}
{"level":"http","message":"GET /assets/workbox-window.prod.es5-BBnX5xw4.js 200 0.594 ms - 5748","timestamp":"2026-09-16T15:33:32.775Z"}
{"level":"http","message":"GET /api/auth/me 401 0.287 ms - 23","timestamp":"2026-09-16T15:33:32.793Z"}
{"level":"http","message":"GET /api/settings 200 4.255 ms - 30904","timestamp":"2026-09-16T15:33:32.800Z"}
{"level":"http","message":"GET /api/academic/active 200 1.556 ms - 224","timestamp":"2026-09-16T15:33:32.804Z"}
{"level":"http","message":"GET /api/academic/periods 200 3.913 ms - 1836","timestamp":"2026-09-16T15:33:32.818Z"}
{"level":"http","message":"GET /api/payments/exchange-rates/at-date 200 8.948 ms - 527","timestamp":"2026-09-16T15:33:32.825Z"}
{"level":"http","message":"GET /api/settings/enable_grade_rounding 200 2.187 ms - 125","timestamp":"2026-09-16T15:33:32.849Z"}
{"level":"http","message":"GET /logo-placeholder.png 304 0.566 ms - -","timestamp":"2026-09-16T15:33:32.851Z"}
{"level":"http","message":"GET /vite.svg 200 0.824 ms - 1497","timestamp":"2026-09-16T15:33:32.871Z"}
{"level":"http","message":"GET /api/upload/logo?t=1789572812848 200 1.578 ms - 2569322","timestamp":"2026-09-16T15:33:32.879Z"}
{"level":"http","message":"GET /manifest.webmanifest 200 0.455 ms - 478","timestamp":"2026-09-16T15:33:33.175Z"}
{"level":"http","message":"GET /icons/icon-512.png 200 1.069 ms - 167592","timestamp":"2026-09-16T15:33:33.183Z"}
{"level":"http","message":"POST /api/auth/login 200 64.711 ms - 214","timestamp":"2026-09-16T15:33:42.659Z"}
{"level":"http","message":"GET /api/dashboard-content 200 3.169 ms - 466","timestamp":"2026-09-16T15:33:42.742Z"}
{"level":"http","message":"GET /uploads/dashboard-images/dc5ba6bb-3afa-4c6e-ba06-6a11c336eab7.jpg 304 1.441 ms - -","timestamp":"2026-09-16T15:33:42.756Z"}
